/home/mvu/Documents/datasets/Geshame/fragments/2881a/2881a_r_IR.JPG
/home/mvu/Documents/datasets/Geshame/fragments/2990/2990_r_IR.JPG
/home/mvu/Documents/datasets/Geshame/fragments/2990/2990_v_IR.JPG
/home/mvu/Documents/datasets/Geshame/fragments/2986/2986_r_IR.JPG
/home/mvu/Documents/datasets/Geshame/fragments/2986/2986_v_IR.JPG
/home/mvu/Documents/datasets/Geshame/fragments/0106b/0106b_r_IR.JPG
/home/mvu/Documents/datasets/Geshame/fragments/0106b/0106b_v_IR.JPG
/home/mvu/Documents/datasets/Geshame/fragments/2901a/2901a_r_CL.JPG
/home/mvu/Documents/datasets/Geshame/fragments/1328c/1328c_r_IR.JPG
/home/mvu/Documents/datasets/Geshame/fragments/1243/1243_r_CL.JPG
/home/mvu/Documents/datasets/Geshame/fragments/0817a/0817a_r_CL.JPG
/home/mvu/Documents/datasets/Geshame/fragments/0817a/0817a_v_CL.JPG
/home/mvu/Documents/datasets/Geshame/fragments/0539BISc/0539BISc_v_CL.JPG
/home/mvu/Documents/datasets/Geshame/fragments/0575/0575_r_IR.JPG
/home/mvu/Documents/datasets/Geshame/fragments/0567l_1445/0567l_1445_r_IR.JPG
/home/mvu/Documents/datasets/Geshame/fragments/2987c/2987c_r_IR.JPG
/home/mvu/Documents/datasets/Geshame/fragments/2987c/2987c_v_IR.JPG
/home/mvu/Documents/datasets/Geshame/fragments/2983a/2983a_r_IR.JPG
/home/mvu/Documents/datasets/Geshame/fragments/2983a/2983a_v_IR.JPG
/home/mvu/Documents/datasets/Geshame/fragments/3002a/3002a_r_IR.JPG
/home/mvu/Documents/datasets/Geshame/fragments/3002a/3002a_v_IR.JPG
/home/mvu/Documents/datasets/Geshame/fragments/1317c/1317c_v_IR.JPG
/home/mvu/Documents/datasets/Geshame/fragments/2880/2880_r_IR.JPG
/home/mvu/Documents/datasets/Geshame/fragments/2880/2880_v_IR.JPG
/home/mvu/Documents/datasets/Geshame/fragments/2735e_2735f_2735g_2735h/2735e_2735f_2735g_2735h_r_IR.JPG
/home/mvu/Documents/datasets/Geshame/fragments/0274/0274_v_CL.JPG
/home/mvu/Documents/datasets/Geshame/fragments/2987d/2987d_r_IR.JPG
/home/mvu/Documents/datasets/Geshame/fragments/2987d/2987d_v_IR.JPG
/home/mvu/Documents/datasets/Geshame/fragments/3001/3001_r_IR.JPG
/home/mvu/Documents/datasets/Geshame/fragments/3001/3001_v_IR.JPG
/home/mvu/Documents/datasets/Geshame/fragments/2444/2444_r_IR.JPG
/home/mvu/Documents/datasets/Geshame/fragments/2444/2444_v_IR.JPG
/home/mvu/Documents/datasets/Geshame/fragments/2444/2444_r_CL.JPG
/home/mvu/Documents/datasets/Geshame/fragments/2444/2444_v_CL.JPG
/home/mvu/Documents/datasets/Geshame/fragments/2987g/2987g_r_IR.JPG
/home/mvu/Documents/datasets/Geshame/fragments/2987g/2987g_v_IR.JPG
/home/mvu/Documents/datasets/Geshame/fragments/1290e/1290e_v_IR.JPG
/home/mvu/Documents/datasets/Geshame/fragments/2983b/2983b_r_IR.JPG
/home/mvu/Documents/datasets/Geshame/fragments/2983b/2983b_v_IR.JPG
/home/mvu/Documents/datasets/Geshame/fragments/0106c/0106c_r_IR.JPG
/home/mvu/Documents/datasets/Geshame/fragments/0106c/0106c_v_IR.JPG
/home/mvu/Documents/datasets/Geshame/fragments/1438a/1438a_v_IR.JPG
/home/mvu/Documents/datasets/Geshame/fragments/2987b/2987b_r_IR.JPG
/home/mvu/Documents/datasets/Geshame/fragments/2987b/2987b_v_IR.JPG
/home/mvu/Documents/datasets/Geshame/fragments/1419/1419_v_CL.JPG
/home/mvu/Documents/datasets/Geshame/fragments/2999a/2999a_r_IR.JPG
/home/mvu/Documents/datasets/Geshame/fragments/2999a/2999a_v_IR.JPG
/home/mvu/Documents/datasets/Geshame/fragments/2998b/2998b_r_IR.JPG
/home/mvu/Documents/datasets/Geshame/fragments/2998b/2998b_v_IR.JPG
/home/mvu/Documents/datasets/Geshame/fragments/2987e/2987e_r_IR.JPG
/home/mvu/Documents/datasets/Geshame/fragments/2987e/2987e_v_IR.JPG
/home/mvu/Documents/datasets/Geshame/fragments/1290m_1290n/1290m_1290n_r_IR.JPG
/home/mvu/Documents/datasets/Geshame/fragments/1290m_1290n/1290m_1290n_v_IR.JPG
/home/mvu/Documents/datasets/Geshame/fragments/3000/3000_r_IR.JPG
/home/mvu/Documents/datasets/Geshame/fragments/3000/3000_v_IR.JPG
/home/mvu/Documents/datasets/Geshame/fragments/2998a/2998a_r_IR.JPG
/home/mvu/Documents/datasets/Geshame/fragments/2998a/2998a_v_IR.JPG
/home/mvu/Documents/datasets/Geshame/fragments/1311/1311_v_IR.JPG
/home/mvu/Documents/datasets/Geshame/fragments/1306c/1306c_v_CL.JPG
/home/mvu/Documents/datasets/Geshame/fragments/1290n/1290n_r_IR.JPG
/home/mvu/Documents/datasets/Geshame/fragments/1290n/1290n_v_IR.JPG
/home/mvu/Documents/datasets/Geshame/fragments/2987f/2987f_r_IR.JPG
/home/mvu/Documents/datasets/Geshame/fragments/2987f/2987f_v_IR.JPG
/home/mvu/Documents/datasets/Geshame/fragments/2999b/2999b_r_IR.JPG
/home/mvu/Documents/datasets/Geshame/fragments/2999b/2999b_v_IR.JPG
/home/mvu/Documents/datasets/Geshame/fragments/1378b_1378i_1378j/1378b_1378i_1378j_r_IR.JPG
/home/mvu/Documents/datasets/Geshame/fragments/2987a/2987a_r_IR.JPG
/home/mvu/Documents/datasets/Geshame/fragments/2987a/2987a_v_IR.JPG
/home/mvu/Documents/datasets/Geshame/fragments/0810d/0810d_r_CL.JPG
/home/mvu/Documents/datasets/Geshame/fragments/2901d/2901d_v_IR.JPG
/home/mvu/Documents/datasets/Geshame/fragments/1221b_1224g/1221b_1224g_r_IR.JPG
/home/mvu/Documents/datasets/Geshame/fragments/1378g/1378g_v_IR.JPG
/home/mvu/Documents/datasets/Geshame/fragments/2879/2879_r_CL.JPG
/home/mvu/Documents/datasets/Geshame/fragments/2879/2879_v_CL.JPG
/home/mvu/Documents/datasets/Geshame/fragments/0807/0807_r_IR.JPG
/home/mvu/Documents/datasets/Geshame/fragments/0807/0807_v_IR.JPG
/home/mvu/Documents/datasets/Geshame/fragments/2989/2989_r_IR.JPG
/home/mvu/Documents/datasets/Geshame/fragments/2989/2989_v_IR.JPG
/home/mvu/Documents/datasets/Geshame/fragments/0106d/0106d_r_IR.JPG
/home/mvu/Documents/datasets/Geshame/fragments/0106d/0106d_v_IR.JPG
/home/mvu/Documents/datasets/Geshame/fragments/1209a/1209a_r_IR.JPG
/home/mvu/Documents/datasets/Geshame/fragments/2982/2982_r_IR.JPG
/home/mvu/Documents/datasets/Geshame/fragments/2982/2982_v_IR.JPG
/home/mvu/Documents/datasets/Geshame/fragments/3002b/3002b_r_IR.JPG
/home/mvu/Documents/datasets/Geshame/fragments/3002b/3002b_v_IR.JPG
/home/mvu/Documents/datasets/Geshame/fragments/2967b/2967b_r_IR.JPG
/home/mvu/Documents/datasets/Geshame/fragments/2967b/2967b_v_IR.JPG